// Jest Snapshot v1, https://goo.gl/fbAQLP

exports[`matches the snapshot 1`] = `
Object {
  "payload": Object {
    "error": false,
    "id": 0,
    "title": "First todo",
  },
  "type": "ADD_TODO",
}
`;
