// Jest Snapshot v1, https://goo.gl/fbAQLP

exports[`matches the snapshot 1`] = `
<div
  className="App"
  style={
    Object {
      "background": "grey",
    }
  }
>
  <header
    className="App-header"
  >
    <img
      alt="logo"
      className="App-logo"
      src="logo.svg"
    />
    <h1
      className="App-title"
    >
      Welcome to React
    </h1>
  </header>
  <p
    className="App-intro"
  >
    To get started, edit 
    <code>
      src/App.js
    </code>
     and save to reload.
  </p>
  <button
    onClick={[Function]}
  />
  <div
    onClick={[Function]}
  />
</div>
`;

exports[`matches the snapshot 2`] = `
Object {
  "background": "grey",
}
`;
