// Jest Snapshot v1, https://goo.gl/fbAQLP

exports[`matches the snapshot 1`] = `
<div>
  <button
    onClick={[Function]}
  />
</div>
`;

exports[`matches the snapshot 2`] = `undefined`;
